<?xml version='1.0' encoding='UTF-8'?>
<caom2:Observation xmlns:caom2="http://www.opencadc.org/caom2/xml/v2.4" xmlns:xsi="http://www.w3.org/2001/XMLSchema-instance" xsi:type="caom2:SimpleObservation" caom2:id="9e9a3dfa-db8c-42ef-837a-01c9e9d2a0cd">
  <caom2:collection>POSSUM</caom2:collection>
  <caom2:observationID>1368MHz_18asec_2013-5552_11261_pilot1_v2</caom2:observationID>
  <caom2:metaRelease>2025-01-01T00:00:00.000</caom2:metaRelease>
  <caom2:metaReadGroups>
    <caom2:groupURI>ivo://cadc.nrc.ca/gms?CADC</caom2:groupURI>
    <caom2:groupURI>ivo://cadc.nrc.ca/gms?POSSUM-RW</caom2:groupURI>
    <caom2:groupURI>ivo://cadc.nrc.ca/gms?POSSUM_Members</caom2:groupURI>
  </caom2:metaReadGroups>
  <caom2:algorithm>
    <caom2:name>exposure</caom2:name>
  </caom2:algorithm>
  <caom2:intent>science</caom2:intent>
  <caom2:proposal>
    <caom2:id>AS103</caom2:id>
  </caom2:proposal>
  <caom2:telescope>
    <caom2:name>ASKAP</caom2:name>
    <caom2:geoLocationX>-2558266.717765</caom2:geoLocationX>
    <caom2:geoLocationY>5095672.176508</caom2:geoLocationY>
    <caom2:geoLocationZ>-2849020.838078</caom2:geoLocationZ>
  </caom2:telescope>
  <caom2:instrument>
    <caom2:name>ASKAP</caom2:name>
  </caom2:instrument>
  <caom2:planes>
    <caom2:plane caom2:id="e95bc0ac-68a8-49a5-bef7-dc480f084757">
      <caom2:productID>3d_pipeline</caom2:productID>
      <caom2:metaRelease>2025-01-01T00:00:00.000</caom2:metaRelease>
      <caom2:metaReadGroups>
        <caom2:groupURI>ivo://cadc.nrc.ca/gms?CADC</caom2:groupURI>
        <caom2:groupURI>ivo://cadc.nrc.ca/gms?POSSUM-RW</caom2:groupURI>
        <caom2:groupURI>ivo://cadc.nrc.ca/gms?POSSUM_Members</caom2:groupURI>
      </caom2:metaReadGroups>
      <caom2:dataRelease>2025-01-01T00:00:00.000</caom2:dataRelease>
      <caom2:dataReadGroups>
        <caom2:groupURI>ivo://cadc.nrc.ca/gms?CADC</caom2:groupURI>
        <caom2:groupURI>ivo://cadc.nrc.ca/gms?POSSUM-RW</caom2:groupURI>
        <caom2:groupURI>ivo://cadc.nrc.ca/gms?POSSUM_Members</caom2:groupURI>
      </caom2:dataReadGroups>
      <caom2:dataProductType>cube</caom2:dataProductType>
      <caom2:calibrationLevel>2</caom2:calibrationLevel>
      <caom2:provenance>
        <caom2:name>POSSUM</caom2:name>
        <caom2:producer>CASA 6.5.2-26 CASAtools:v1.0.0</caom2:producer>
	<caom2:reference>https://possum-survey.org</caom2:reference>
        <caom2:lastExecuted>2023-04-27T18:08:11.462760</caom2:lastExecuted>
      </caom2:provenance>
      <caom2:position>
        <caom2:bounds xsi:type="caom2:Polygon">
          <caom2:points>
            <caom2:point>
              <caom2:cval1>282.44068154939083</caom2:cval1>
              <caom2:cval2>-3.3793816187686048</caom2:cval2>
            </caom2:point>
            <caom2:point>
              <caom2:cval1>280.4519437587476</caom2:cval1>
              <caom2:cval2>-3.3793816187686048</caom2:cval2>
            </caom2:point>
            <caom2:point>
              <caom2:cval1>280.4519437587476</caom2:cval1>
              <caom2:cval2>-1.6895743883911365</caom2:cval2>
            </caom2:point>
            <caom2:point>
              <caom2:cval1>282.4406815493909</caom2:cval1>
              <caom2:cval2>-1.6895743883911365</caom2:cval2>
            </caom2:point>
          </caom2:points>
          <caom2:samples>
            <caom2:vertices>
              <caom2:vertex>
                <caom2:cval1>282.44068154939083</caom2:cval1>
                <caom2:cval2>-3.379381618768612</caom2:cval2>
                <caom2:type>2</caom2:type>
              </caom2:vertex>
              <caom2:vertex>
                <caom2:cval1>280.45194375874763</caom2:cval1>
                <caom2:cval2>-3.379381618768612</caom2:cval2>
                <caom2:type>1</caom2:type>
              </caom2:vertex>
              <caom2:vertex>
                <caom2:cval1>280.45194375874763</caom2:cval1>
                <caom2:cval2>-1.6895743883911314</caom2:cval2>
                <caom2:type>1</caom2:type>
              </caom2:vertex>
              <caom2:vertex>
                <caom2:cval1>282.44068154939083</caom2:cval1>
                <caom2:cval2>-1.6895743883911314</caom2:cval2>
                <caom2:type>1</caom2:type>
              </caom2:vertex>
              <caom2:vertex>
                <caom2:cval1>0.0</caom2:cval1>
                <caom2:cval2>0.0</caom2:cval2>
                <caom2:type>0</caom2:type>
              </caom2:vertex>
            </caom2:vertices>
          </caom2:samples>
        </caom2:bounds>
        <caom2:dimension>
          <caom2:naxis1>2048</caom2:naxis1>
          <caom2:naxis2>2048</caom2:naxis2>
        </caom2:dimension>
        <caom2:resolution>18.0</caom2:resolution>
        <caom2:sampleSize>3.495828147615</caom2:sampleSize>
      </caom2:position>
      <caom2:energy/>
      <caom2:time/>
      <caom2:polarization/>
      <caom2:artifacts>
        <caom2:artifact caom2:id="c4bc1235-247c-4df6-b422-425cbaedc059">
          <caom2:uri>cadc:POSSUM/PSM_pilot1_1368MHz_18asec_2013-5552_11261_p3d_v2_RMSF_FWHM.fits</caom2:uri>
          <caom2:productType>science</caom2:productType>
          <caom2:releaseType>data</caom2:releaseType>
          <caom2:contentType>application/fits</caom2:contentType>
          <caom2:contentLength>6319</caom2:contentLength>
          <caom2:contentChecksum>md5:7abc35e7beb62068ea10f6bab7f7903d</caom2:contentChecksum>
          <caom2:parts>
            <caom2:part caom2:id="36f7e5d7-8906-4723-aff4-e77f0efa9147">
              <caom2:name>0</caom2:name>
              <caom2:chunks>
                <caom2:chunk caom2:id="88d36926-ae97-4b9d-84c0-837300d48c82">
                  <caom2:naxis>3</caom2:naxis>
                  <caom2:positionAxis1>1</caom2:positionAxis1>
                  <caom2:positionAxis2>2</caom2:positionAxis2>
                  <caom2:customAxis>3</caom2:customAxis>
                  <caom2:position>
                    <caom2:axis>
                      <caom2:axis1>
                        <caom2:ctype>RA---HPX</caom2:ctype>
                        <caom2:cunit>deg</caom2:cunit>
                      </caom2:axis1>
                      <caom2:axis2>
                        <caom2:ctype>DEC--HPX</caom2:ctype>
                        <caom2:cunit>deg</caom2:cunit>
                      </caom2:axis2>
                      <caom2:function>
                        <caom2:dimension>
                          <caom2:naxis1>2048</caom2:naxis1>
                          <caom2:naxis2>2048</caom2:naxis2>
                        </caom2:dimension>
                        <caom2:refCoord>
                          <caom2:coord1>
                            <caom2:pix>-79870.00124666</caom2:pix>
                            <caom2:val>0.0</caom2:val>
                          </caom2:coord1>
                          <caom2:coord2>
                            <caom2:pix>4098.000080952</caom2:pix>
                            <caom2:val>0.0</caom2:val>
                          </caom2:coord2>
                        </caom2:refCoord>
                        <caom2:cd11>-0.00068664549695589</caom2:cd11>
                        <caom2:cd12>-0.00068664549695589</caom2:cd12>
                        <caom2:cd21>-0.00068664549695589</caom2:cd21>
                        <caom2:cd22>0.000686645496955891</caom2:cd22>
                      </caom2:function>
                    </caom2:axis>
                    <caom2:coordsys>ICRS</caom2:coordsys>
                    <caom2:resolution>18.0</caom2:resolution>
                  </caom2:position>
                  <caom2:custom>
                    <caom2:axis>
                      <caom2:axis>
                        <caom2:ctype>FARADAY</caom2:ctype>
                        <caom2:cunit>rad/m**2</caom2:cunit>
                      </caom2:axis>
                      <caom2:function>
                        <caom2:naxis>1</caom2:naxis>
                        <caom2:delta>75.0</caom2:delta>
                        <caom2:refCoord>
                          <caom2:pix>82.0</caom2:pix>
                          <caom2:val>-3000.0</caom2:val>
                        </caom2:refCoord>
                      </caom2:function>
                    </caom2:axis>
                  </caom2:custom>
                </caom2:chunk>
              </caom2:chunks>
            </caom2:part>
          </caom2:parts>
        </caom2:artifact>
      </caom2:artifacts>
    </caom2:plane>
  </caom2:planes>
</caom2:Observation>
