<?xml version='1.0' encoding='UTF-8'?>
<caom2:Observation xmlns:caom2="http://www.opencadc.org/caom2/xml/v2.4" xmlns:xsi="http://www.w3.org/2001/XMLSchema-instance" xsi:type="caom2:SimpleObservation" caom2:id="46d02ee5-b5bb-4b71-832c-d25db829e597" caom2:metaProducer="test_possum/0.0.0">
  <caom2:collection>POSSUM</caom2:collection>
  <caom2:observationID>943MHz_20asec_1321-4634_10612_v1</caom2:observationID>
  <caom2:metaRelease>2025-01-01T00:00:00.000</caom2:metaRelease>
  <caom2:metaReadGroups>
    <caom2:groupURI>ivo://cadc.nrc.ca/gms?POSSUM_Members</caom2:groupURI>
    <caom2:groupURI>ivo://cadc.nrc.ca/gms?CADC</caom2:groupURI>
    <caom2:groupURI>ivo://cadc.nrc.ca/gms?POSSUM-RW</caom2:groupURI>
  </caom2:metaReadGroups>
  <caom2:algorithm>
    <caom2:name>exposure</caom2:name>
  </caom2:algorithm>
  <caom2:intent>science</caom2:intent>
  <caom2:proposal>
    <caom2:id>AS203</caom2:id>
  </caom2:proposal>
  <caom2:telescope>
    <caom2:name>ASKAP</caom2:name>
    <caom2:geoLocationX>-2558266.717765</caom2:geoLocationX>
    <caom2:geoLocationY>5095672.176508</caom2:geoLocationY>
    <caom2:geoLocationZ>-2849020.838078</caom2:geoLocationZ>
  </caom2:telescope>
  <caom2:instrument>
    <caom2:name>ASKAP</caom2:name>
  </caom2:instrument>
  <caom2:planes>
    <caom2:plane caom2:id="2adf9f73-f94c-442c-b0ce-522c896ad776" caom2:metaProducer="test_possum/0.0.0">
      <caom2:productID>RMSF_im_p3d_v1</caom2:productID>
      <caom2:metaRelease>2025-01-01T00:00:00.000</caom2:metaRelease>
      <caom2:metaReadGroups>
        <caom2:groupURI>ivo://cadc.nrc.ca/gms?POSSUM_Members</caom2:groupURI>
        <caom2:groupURI>ivo://cadc.nrc.ca/gms?CADC</caom2:groupURI>
        <caom2:groupURI>ivo://cadc.nrc.ca/gms?POSSUM-RW</caom2:groupURI>
      </caom2:metaReadGroups>
      <caom2:dataRelease>2025-01-01T00:00:00.000</caom2:dataRelease>
      <caom2:dataReadGroups>
        <caom2:groupURI>ivo://cadc.nrc.ca/gms?POSSUM_Members</caom2:groupURI>
        <caom2:groupURI>ivo://cadc.nrc.ca/gms?CADC</caom2:groupURI>
        <caom2:groupURI>ivo://cadc.nrc.ca/gms?POSSUM-RW</caom2:groupURI>
      </caom2:dataReadGroups>
      <caom2:dataProductType>measurements</caom2:dataProductType>
      <caom2:calibrationLevel>2</caom2:calibrationLevel>
      <caom2:provenance>
        <caom2:name>POSSUM</caom2:name>
        <caom2:producer>POSSUM-Polarimetry-Pipeline</caom2:producer>
        <caom2:reference>https://possum-survey.org</caom2:reference>
        <caom2:lastExecuted>2024-04-22T20:31:28.761236</caom2:lastExecuted>
      </caom2:provenance>
      <caom2:position>
        <caom2:bounds xsi:type="caom2:Polygon">
          <caom2:points>
            <caom2:point>
              <caom2:cval1>198.62296276220547</caom2:cval1>
              <caom2:cval2>-46.57184741342974</caom2:cval2>
            </caom2:point>
            <caom2:point>
              <caom2:cval1>201.00219730043304</caom2:cval1>
              <caom2:cval2>-44.99388017545709</caom2:cval2>
            </caom2:point>
            <caom2:point>
              <caom2:cval1>201.72641098899697</caom2:cval1>
              <caom2:cval2>-46.571847413429765</caom2:cval2>
            </caom2:point>
            <caom2:point>
              <caom2:cval1>199.2880685642494</caom2:cval1>
              <caom2:cval2>-48.141207769592825</caom2:cval2>
            </caom2:point>
          </caom2:points>
          <caom2:samples>
            <caom2:vertices>
              <caom2:vertex>
                <caom2:cval1>201.726410988997</caom2:cval1>
                <caom2:cval2>-46.57184741342973</caom2:cval2>
                <caom2:type>2</caom2:type>
              </caom2:vertex>
              <caom2:vertex>
                <caom2:cval1>199.28806856424941</caom2:cval1>
                <caom2:cval2>-48.141207769592825</caom2:cval2>
                <caom2:type>1</caom2:type>
              </caom2:vertex>
              <caom2:vertex>
                <caom2:cval1>198.6229627622055</caom2:cval1>
                <caom2:cval2>-46.57184741342973</caom2:cval2>
                <caom2:type>1</caom2:type>
              </caom2:vertex>
              <caom2:vertex>
                <caom2:cval1>201.00219730043307</caom2:cval1>
                <caom2:cval2>-44.99388017545708</caom2:cval2>
                <caom2:type>1</caom2:type>
              </caom2:vertex>
              <caom2:vertex>
                <caom2:cval1>0.0</caom2:cval1>
                <caom2:cval2>0.0</caom2:cval2>
                <caom2:type>0</caom2:type>
              </caom2:vertex>
            </caom2:vertices>
          </caom2:samples>
        </caom2:bounds>
        <caom2:dimension>
          <caom2:naxis1>2048</caom2:naxis1>
          <caom2:naxis2>2048</caom2:naxis2>
        </caom2:dimension>
        <caom2:resolution>20.0000000000016</caom2:resolution>
        <caom2:sampleSize>3.4958281476144037</caom2:sampleSize>
      </caom2:position>
      <caom2:energy/>
      <caom2:time/>
      <caom2:polarization>
        <caom2:states>
          <caom2:state>U</caom2:state>
        </caom2:states>
        <caom2:dimension>1</caom2:dimension>
      </caom2:polarization>
      <caom2:artifacts>
        <caom2:artifact caom2:id="0ebec7e2-7318-413a-9641-5f3bbe23c162" caom2:metaProducer="test_possum/0.0.0">
          <caom2:uri>cadc:POSSUM/PSM_943MHz_20asec_1321-4634_10612_p3d_v1_RMSF_im.fits.fz</caom2:uri>
          <caom2:productType>science</caom2:productType>
          <caom2:releaseType>data</caom2:releaseType>
          <caom2:contentType>application/fits</caom2:contentType>
          <caom2:contentLength>8505</caom2:contentLength>
          <caom2:contentChecksum>md5:8a668d06ebff11a8c3ee6cc37afbe068</caom2:contentChecksum>
          <caom2:parts>
            <caom2:part caom2:id="31f963eb-85b2-4a4e-8f56-f1d4c346dc26">
              <caom2:name>0</caom2:name>
              <caom2:chunks/>
            </caom2:part>
            <caom2:part caom2:id="b0e3ebe3-db49-415e-aabb-e1377133bcc0">
              <caom2:name>1</caom2:name>
              <caom2:chunks>
                <caom2:chunk caom2:id="32a5f378-dd5a-4886-b879-dcdbd9707169" caom2:metaProducer="possum2caom2/0.1.5">
                  <caom2:naxis>4</caom2:naxis>
                  <caom2:positionAxis1>1</caom2:positionAxis1>
                  <caom2:positionAxis2>2</caom2:positionAxis2>
                  <caom2:polarizationAxis>3</caom2:polarizationAxis>
                  <caom2:customAxis>4</caom2:customAxis>
                  <caom2:position>
                    <caom2:axis>
                      <caom2:axis1>
                        <caom2:ctype>RA---HPX</caom2:ctype>
                        <caom2:cunit>deg</caom2:cunit>
                      </caom2:axis1>
                      <caom2:axis2>
                        <caom2:ctype>DEC--HPX</caom2:ctype>
                        <caom2:cunit>deg</caom2:cunit>
                      </caom2:axis2>
                      <caom2:function>
                        <caom2:dimension>
                          <caom2:naxis1>2048</caom2:naxis1>
                          <caom2:naxis2>2048</caom2:naxis2>
                        </caom2:dimension>
                        <caom2:refCoord>
                          <caom2:coord1>
                            <caom2:pix>-149502.0023476</caom2:pix>
                            <caom2:val>0.0</caom2:val>
                          </caom2:coord1>
                          <caom2:coord2>
                            <caom2:pix>-77822.00121428</caom2:pix>
                            <caom2:val>0.0</caom2:val>
                          </caom2:coord2>
                        </caom2:refCoord>
                        <caom2:cd11>-0.00068664549695582</caom2:cd11>
                        <caom2:cd12>-0.00068664549695582</caom2:cd12>
                        <caom2:cd21>-0.00068664549695582</caom2:cd21>
                        <caom2:cd22>0.00068664549695582</caom2:cd22>
                      </caom2:function>
                    </caom2:axis>
                    <caom2:coordsys>FK5</caom2:coordsys>
                    <caom2:equinox>2000.0</caom2:equinox>
                  </caom2:position>
                  <caom2:polarization>
                    <caom2:axis>
                      <caom2:axis>
                        <caom2:ctype>STOKES</caom2:ctype>
                      </caom2:axis>
                      <caom2:function>
                        <caom2:naxis>1</caom2:naxis>
                        <caom2:delta>1.0</caom2:delta>
                        <caom2:refCoord>
                          <caom2:pix>1.0</caom2:pix>
                          <caom2:val>3.0</caom2:val>
                        </caom2:refCoord>
                      </caom2:function>
                    </caom2:axis>
                  </caom2:polarization>
                  <caom2:custom>
                    <caom2:axis>
                      <caom2:axis>
                        <caom2:ctype>FARADAY</caom2:ctype>
                        <caom2:cunit>rad/m**2</caom2:cunit>
                      </caom2:axis>
                      <caom2:function>
                        <caom2:naxis>671</caom2:naxis>
                        <caom2:delta>12.0</caom2:delta>
                        <caom2:refCoord>
                          <caom2:pix>336.0</caom2:pix>
                          <caom2:val>0.0</caom2:val>
                        </caom2:refCoord>
                      </caom2:function>
                    </caom2:axis>
                  </caom2:custom>
                </caom2:chunk>
              </caom2:chunks>
            </caom2:part>
          </caom2:parts>
        </caom2:artifact>
      </caom2:artifacts>
    </caom2:plane>
  </caom2:planes>
</caom2:Observation>
