<?xml version='1.0' encoding='UTF-8'?>
<caom2:Observation xmlns:caom2="http://www.opencadc.org/caom2/xml/v2.4" xmlns:xsi="http://www.w3.org/2001/XMLSchema-instance" xsi:type="caom2:SimpleObservation" caom2:id="05000000-0000-0000-80a9-e59f7bb85513">
  <caom2:collection>POSSUM</caom2:collection>
  <caom2:observationID>944MHz_18asec_2226-5552_11268_pilot1_v1</caom2:observationID>
  <caom2:metaRelease>2025-01-01T00:00:00.000</caom2:metaRelease>
  <caom2:metaReadGroups>
    <caom2:groupURI>ivo://cadc.nrc.ca/gms?POSSUM_Members</caom2:groupURI>
    <caom2:groupURI>ivo://cadc.nrc.ca/gms?CADC</caom2:groupURI>
    <caom2:groupURI>ivo://cadc.nrc.ca/gms?POSSUM-RW</caom2:groupURI>
  </caom2:metaReadGroups>
  <caom2:algorithm>
    <caom2:name>exposure</caom2:name>
  </caom2:algorithm>
  <caom2:intent>science</caom2:intent>
  <caom2:proposal>
    <caom2:id>AS103</caom2:id>
  </caom2:proposal>
  <caom2:telescope>
    <caom2:name>ASKAP</caom2:name>
    <caom2:geoLocationX>-2558266.717765</caom2:geoLocationX>
    <caom2:geoLocationY>5095672.176508</caom2:geoLocationY>
    <caom2:geoLocationZ>-2849020.838078</caom2:geoLocationZ>
  </caom2:telescope>
  <caom2:instrument>
    <caom2:name>ASKAP</caom2:name>
  </caom2:instrument>
  <caom2:planes>
    <caom2:plane caom2:id="d97b4e20-5ad6-4451-a030-3417c0abe9cf" caom2:metaProducer="possum2caom2/0.1.0">
      <caom2:productID>3d_pipeline</caom2:productID>
      <caom2:metaRelease>2025-01-01T00:00:00.000</caom2:metaRelease>
      <caom2:metaReadGroups>
        <caom2:groupURI>ivo://cadc.nrc.ca/gms?POSSUM_Members</caom2:groupURI>
        <caom2:groupURI>ivo://cadc.nrc.ca/gms?CADC</caom2:groupURI>
        <caom2:groupURI>ivo://cadc.nrc.ca/gms?POSSUM-RW</caom2:groupURI>
      </caom2:metaReadGroups>
      <caom2:dataRelease>2025-01-01T00:00:00.000</caom2:dataRelease>
      <caom2:dataReadGroups>
        <caom2:groupURI>ivo://cadc.nrc.ca/gms?POSSUM_Members</caom2:groupURI>
        <caom2:groupURI>ivo://cadc.nrc.ca/gms?CADC</caom2:groupURI>
        <caom2:groupURI>ivo://cadc.nrc.ca/gms?POSSUM-RW</caom2:groupURI>
      </caom2:dataReadGroups>
      <caom2:dataProductType>image</caom2:dataProductType>
      <caom2:calibrationLevel>2</caom2:calibrationLevel>
      <caom2:provenance>
        <caom2:name>POSSUM</caom2:name>
        <caom2:producer>CASA 6.5.1-23 CASAtools:v1.0.0</caom2:producer>
        <caom2:reference>https://askap.org/possum/</caom2:reference>
        <caom2:lastExecuted>2022-10-26T19:57:36.639218</caom2:lastExecuted>
      </caom2:provenance>
      <caom2:position>
        <caom2:bounds xsi:type="caom2:Polygon">
          <caom2:points>
            <caom2:point>
              <caom2:cval1>296.3618463040107</caom2:cval1>
              <caom2:cval2>-15.378042220523199</caom2:cval2>
            </caom2:point>
            <caom2:point>
              <caom2:cval1>294.3731085133677</caom2:cval1>
              <caom2:cval2>-15.378042220523199</caom2:cval2>
            </caom2:point>
            <caom2:point>
              <caom2:cval1>294.3731085133677</caom2:cval1>
              <caom2:cval2>-13.634294511273339</caom2:cval2>
            </caom2:point>
            <caom2:point>
              <caom2:cval1>296.3618463040107</caom2:cval1>
              <caom2:cval2>-13.634294511273353</caom2:cval2>
            </caom2:point>
          </caom2:points>
          <caom2:samples>
            <caom2:vertices>
              <caom2:vertex>
                <caom2:cval1>296.3618463040107</caom2:cval1>
                <caom2:cval2>-15.378042220523177</caom2:cval2>
                <caom2:type>2</caom2:type>
              </caom2:vertex>
              <caom2:vertex>
                <caom2:cval1>294.3731085133677</caom2:cval1>
                <caom2:cval2>-15.378042220523177</caom2:cval2>
                <caom2:type>1</caom2:type>
              </caom2:vertex>
              <caom2:vertex>
                <caom2:cval1>294.3731085133677</caom2:cval1>
                <caom2:cval2>-13.634294511273334</caom2:cval2>
                <caom2:type>1</caom2:type>
              </caom2:vertex>
              <caom2:vertex>
                <caom2:cval1>296.3618463040107</caom2:cval1>
                <caom2:cval2>-13.634294511273334</caom2:cval2>
                <caom2:type>1</caom2:type>
              </caom2:vertex>
              <caom2:vertex>
                <caom2:cval1>0.0</caom2:cval1>
                <caom2:cval2>0.0</caom2:cval2>
                <caom2:type>0</caom2:type>
              </caom2:vertex>
            </caom2:vertices>
          </caom2:samples>
        </caom2:bounds>
        <caom2:dimension>
          <caom2:naxis1>2048</caom2:naxis1>
          <caom2:naxis2>2048</caom2:naxis2>
        </caom2:dimension>
        <caom2:resolution>16.2</caom2:resolution>
        <caom2:sampleSize>3.49582814761464</caom2:sampleSize>
      </caom2:position>
      <caom2:energy/>
      <caom2:time/>
      <caom2:polarization/>
      <caom2:artifacts>
        <caom2:artifact caom2:id="dbee861a-bc79-4695-a4f3-32a7f456fa53" caom2:metaProducer="possum2caom2/0.1.0">
          <caom2:uri>cadc:POSSUM/PSM_pilot1_944MHz_18asec_2226-5552_11268_p3d_v1_coeff1.fits</caom2:uri>
          <caom2:productType>science</caom2:productType>
          <caom2:releaseType>data</caom2:releaseType>
          <caom2:contentType>application/fits</caom2:contentType>
          <caom2:contentLength>9063</caom2:contentLength>
          <caom2:contentChecksum>md5:3a9ccf1d5743cb40f1c806a6f83e14c2</caom2:contentChecksum>
          <caom2:parts>
            <caom2:part caom2:id="9a68ef48-bca1-415f-a9d9-9bfb1465b3d1">
              <caom2:name>0</caom2:name>
              <caom2:chunks>
                <caom2:chunk caom2:id="b66126dc-dbb2-48dd-9fc3-2f0f7522f6ba" caom2:metaProducer="possum2caom2/0.1.0">
                  <caom2:naxis>2</caom2:naxis>
                  <caom2:positionAxis1>1</caom2:positionAxis1>
                  <caom2:positionAxis2>2</caom2:positionAxis2>
                  <caom2:position>
                    <caom2:axis>
                      <caom2:axis1>
                        <caom2:ctype>RA---HPX</caom2:ctype>
                        <caom2:cunit>deg</caom2:cunit>
                      </caom2:axis1>
                      <caom2:axis2>
                        <caom2:ctype>DEC--HPX</caom2:ctype>
                        <caom2:cunit>deg</caom2:cunit>
                      </caom2:axis2>
                      <caom2:function>
                        <caom2:dimension>
                          <caom2:naxis1>2048</caom2:naxis1>
                          <caom2:naxis2>2048</caom2:naxis2>
                        </caom2:dimension>
                        <caom2:refCoord>
                          <caom2:coord1>
                            <caom2:pix>-65534.00101999</caom2:pix>
                            <caom2:val>0.0</caom2:val>
                          </caom2:coord1>
                          <caom2:coord2>
                            <caom2:pix>18434.00030762</caom2:pix>
                            <caom2:val>0.0</caom2:val>
                          </caom2:coord2>
                        </caom2:refCoord>
                        <caom2:cd11>-0.0009710633743374</caom2:cd11>
                        <caom2:cd12>0.0</caom2:cd12>
                        <caom2:cd21>0.0</caom2:cd21>
                        <caom2:cd22>0.0009710633743374</caom2:cd22>
                      </caom2:function>
                    </caom2:axis>
                    <caom2:coordsys>FK5</caom2:coordsys>
                    <caom2:equinox>2000.0</caom2:equinox>
                    <caom2:resolution>16.2</caom2:resolution>
                  </caom2:position>
                </caom2:chunk>
              </caom2:chunks>
            </caom2:part>
          </caom2:parts>
        </caom2:artifact>
      </caom2:artifacts>
    </caom2:plane>
  </caom2:planes>
</caom2:Observation>
