<?xml version='1.0' encoding='UTF-8'?>
<caom2:Observation xmlns:caom2="http://www.opencadc.org/caom2/xml/v2.4" xmlns:xsi="http://www.w3.org/2001/XMLSchema-instance" xsi:type="caom2:SimpleObservation" caom2:id="9594b316-8ba4-4c97-afcb-d4a0fd8aa75a" caom2:metaProducer="test_possum/0.0.0">
  <caom2:collection>POSSUM</caom2:collection>
  <caom2:observationID>943MHz_20asec_1321-4634_10612_v1</caom2:observationID>
  <caom2:metaRelease>2025-01-01T00:00:00.000</caom2:metaRelease>
  <caom2:metaReadGroups>
    <caom2:groupURI>ivo://cadc.nrc.ca/gms?CADC</caom2:groupURI>
    <caom2:groupURI>ivo://cadc.nrc.ca/gms?POSSUM_Members</caom2:groupURI>
    <caom2:groupURI>ivo://cadc.nrc.ca/gms?POSSUM-RW</caom2:groupURI>
  </caom2:metaReadGroups>
  <caom2:algorithm>
    <caom2:name>exposure</caom2:name>
  </caom2:algorithm>
  <caom2:intent>science</caom2:intent>
  <caom2:proposal>
    <caom2:id>AS203</caom2:id>
  </caom2:proposal>
  <caom2:telescope>
    <caom2:name>ASKAP</caom2:name>
    <caom2:geoLocationX>-2558266.717765</caom2:geoLocationX>
    <caom2:geoLocationY>5095672.176508</caom2:geoLocationY>
    <caom2:geoLocationZ>-2849020.838078</caom2:geoLocationZ>
  </caom2:telescope>
  <caom2:instrument>
    <caom2:name>ASKAP</caom2:name>
  </caom2:instrument>
  <caom2:planes>
    <caom2:plane caom2:id="081288af-dd14-4883-82a5-2359801feba5" caom2:metaProducer="test_possum/0.0.0">
      <caom2:productID>FDF_tot_dirty_p3d_v1</caom2:productID>
      <caom2:metaRelease>2025-01-01T00:00:00.000</caom2:metaRelease>
      <caom2:metaReadGroups>
        <caom2:groupURI>ivo://cadc.nrc.ca/gms?CADC</caom2:groupURI>
        <caom2:groupURI>ivo://cadc.nrc.ca/gms?POSSUM_Members</caom2:groupURI>
        <caom2:groupURI>ivo://cadc.nrc.ca/gms?POSSUM-RW</caom2:groupURI>
      </caom2:metaReadGroups>
      <caom2:dataRelease>2025-01-01T00:00:00.000</caom2:dataRelease>
      <caom2:dataReadGroups>
        <caom2:groupURI>ivo://cadc.nrc.ca/gms?CADC</caom2:groupURI>
        <caom2:groupURI>ivo://cadc.nrc.ca/gms?POSSUM_Members</caom2:groupURI>
        <caom2:groupURI>ivo://cadc.nrc.ca/gms?POSSUM-RW</caom2:groupURI>
      </caom2:dataReadGroups>
      <caom2:dataProductType>cube</caom2:dataProductType>
      <caom2:calibrationLevel>2</caom2:calibrationLevel>
      <caom2:provenance>
        <caom2:name>POSSUM</caom2:name>
        <caom2:producer>POSSUM-Polarimetry-Pipeline</caom2:producer>
        <caom2:reference>https://possum-survey.org</caom2:reference>
        <caom2:lastExecuted>2024-04-22T20:31:28.761236</caom2:lastExecuted>
      </caom2:provenance>
      <caom2:artifacts>
        <caom2:artifact caom2:id="46e13125-a04b-43aa-b703-19d2b6a9b38c" caom2:metaProducer="test_possum/0.0.0">
          <caom2:uri>cadc:POSSUM/PSM_943MHz_20asec_1321-4634_10612_p3d_v1_FDF_tot_dirty.fits</caom2:uri>
          <caom2:productType>science</caom2:productType>
          <caom2:releaseType>data</caom2:releaseType>
          <caom2:contentType>application/fits</caom2:contentType>
          <caom2:contentLength>6075</caom2:contentLength>
          <caom2:contentChecksum>md5:325502a14dea88e7f257f9b933869521</caom2:contentChecksum>
          <caom2:parts>
            <caom2:part caom2:id="01fd5d70-98f0-4a60-9ab9-2d2c4627d3de">
              <caom2:name>0</caom2:name>
              <caom2:chunks>
                <caom2:chunk caom2:id="4ea66673-44bb-4fce-9506-d4a8fefe0de7" caom2:metaProducer="test_possum/0.0.0">
                  <caom2:naxis>2</caom2:naxis>
                  <caom2:positionAxis1>1</caom2:positionAxis1>
                  <caom2:positionAxis2>2</caom2:positionAxis2>
                  <caom2:position>
                    <caom2:axis>
                      <caom2:axis1>
                        <caom2:ctype>RA---HPX</caom2:ctype>
                        <caom2:cunit>deg</caom2:cunit>
                      </caom2:axis1>
                      <caom2:axis2>
                        <caom2:ctype>DEC--HPX</caom2:ctype>
                        <caom2:cunit>deg</caom2:cunit>
                      </caom2:axis2>
                      <caom2:function>
                        <caom2:dimension>
                          <caom2:naxis1>2048</caom2:naxis1>
                          <caom2:naxis2>2048</caom2:naxis2>
                        </caom2:dimension>
                        <caom2:refCoord>
                          <caom2:coord1>
                            <caom2:pix>-149502.0023476</caom2:pix>
                            <caom2:val>0.0</caom2:val>
                          </caom2:coord1>
                          <caom2:coord2>
                            <caom2:pix>-77822.00121428</caom2:pix>
                            <caom2:val>0.0</caom2:val>
                          </caom2:coord2>
                        </caom2:refCoord>
                        <caom2:cd11>-0.00068664549695582</caom2:cd11>
                        <caom2:cd12>-0.00068664549695582</caom2:cd12>
                        <caom2:cd21>-0.00068664549695582</caom2:cd21>
                        <caom2:cd22>0.00068664549695582</caom2:cd22>
                      </caom2:function>
                    </caom2:axis>
                    <caom2:coordsys>FK5</caom2:coordsys>
                    <caom2:equinox>2000.0</caom2:equinox>
                    <caom2:resolution>20.0000000000016</caom2:resolution>
                  </caom2:position>
                  <caom2:custom>
                    <caom2:axis>
                      <caom2:axis>
                        <caom2:ctype>FARADAY</caom2:ctype>
                        <caom2:cunit>rad/m**2</caom2:cunit>
                      </caom2:axis>
                      <caom2:function>
                        <caom2:naxis>335</caom2:naxis>
                        <caom2:delta>12.0</caom2:delta>
                        <caom2:refCoord>
                          <caom2:pix>168.0</caom2:pix>
                          <caom2:val>0.0</caom2:val>
                        </caom2:refCoord>
                      </caom2:function>
                    </caom2:axis>
                  </caom2:custom>
                </caom2:chunk>
              </caom2:chunks>
            </caom2:part>
          </caom2:parts>
        </caom2:artifact>
      </caom2:artifacts>
    </caom2:plane>
  </caom2:planes>
</caom2:Observation>
