<?xml version='1.0' encoding='UTF-8'?>
<caom2:Observation xmlns:caom2="http://www.opencadc.org/caom2/xml/v2.4" xmlns:xsi="http://www.w3.org/2001/XMLSchema-instance" xsi:type="caom2:SimpleObservation" caom2:id="d955aee6-2164-4930-a1c9-72505a43148b">
  <caom2:collection>POSSUM</caom2:collection>
  <caom2:observationID>1367MHz_18asec_2013-5553_11261_pilot1_v1</caom2:observationID>
  <caom2:metaRelease>2025-01-01T00:00:00.000</caom2:metaRelease>
  <caom2:metaReadGroups>
    <caom2:groupURI>ivo://cadc.nrc.ca/gms?POSSUM_Members</caom2:groupURI>
    <caom2:groupURI>ivo://cadc.nrc.ca/gms?CADC</caom2:groupURI>
    <caom2:groupURI>ivo://cadc.nrc.ca/gms?POSSUM-RW</caom2:groupURI>
  </caom2:metaReadGroups>
  <caom2:algorithm>
    <caom2:name>exposure</caom2:name>
  </caom2:algorithm>
  <caom2:intent>science</caom2:intent>
  <caom2:proposal>
    <caom2:id>AS103</caom2:id>
  </caom2:proposal>
  <caom2:telescope>
    <caom2:name>ASKAP</caom2:name>
    <caom2:geoLocationX>-2558266.717765</caom2:geoLocationX>
    <caom2:geoLocationY>5095672.176508</caom2:geoLocationY>
    <caom2:geoLocationZ>-2849020.838078</caom2:geoLocationZ>
  </caom2:telescope>
  <caom2:instrument>
    <caom2:name>ASKAP</caom2:name>
  </caom2:instrument>
  <caom2:planes>
    <caom2:plane caom2:id="0b75e8c6-8f6c-482f-9796-8059cd4c788f">
      <caom2:productID>multifrequencysynthesis_i_t0</caom2:productID>
      <caom2:metaRelease>2025-01-01T00:00:00.000</caom2:metaRelease>
      <caom2:metaReadGroups>
        <caom2:groupURI>ivo://cadc.nrc.ca/gms?POSSUM_Members</caom2:groupURI>
        <caom2:groupURI>ivo://cadc.nrc.ca/gms?CADC</caom2:groupURI>
        <caom2:groupURI>ivo://cadc.nrc.ca/gms?POSSUM-RW</caom2:groupURI>
      </caom2:metaReadGroups>
      <caom2:dataRelease>2025-01-01T00:00:00.000</caom2:dataRelease>
      <caom2:dataReadGroups>
        <caom2:groupURI>ivo://cadc.nrc.ca/gms?POSSUM_Members</caom2:groupURI>
        <caom2:groupURI>ivo://cadc.nrc.ca/gms?CADC</caom2:groupURI>
        <caom2:groupURI>ivo://cadc.nrc.ca/gms?POSSUM-RW</caom2:groupURI>
      </caom2:dataReadGroups>
      <caom2:dataProductType>image</caom2:dataProductType>
      <caom2:calibrationLevel>2</caom2:calibrationLevel>
      <caom2:provenance>
        <caom2:name>CASA CASAtools</caom2:name>
        <caom2:version>6.5.2-26 v1.0.0</caom2:version>
        <caom2:reference>https://askap.org/possum/</caom2:reference>
        <caom2:project>POSSUM</caom2:project>
        <caom2:producer>AusSRC</caom2:producer>
        <caom2:lastExecuted>2023-05-12T04:44:25.170836</caom2:lastExecuted>
      </caom2:provenance>
      <caom2:position>
        <caom2:bounds xsi:type="caom2:Polygon">
          <caom2:points>
            <caom2:point>
              <caom2:cval1>305.2202573338924</caom2:cval1>
              <caom2:cval2>-55.8733504352422</caom2:cval2>
            </caom2:point>
            <caom2:point>
              <caom2:cval1>302.7302690720472</caom2:cval1>
              <caom2:cval2>-57.39952351553043</caom2:cval2>
            </caom2:point>
            <caom2:point>
              <caom2:cval1>301.30721391750205</caom2:cval1>
              <caom2:cval2>-55.87335043524217</caom2:cval2>
            </caom2:point>
            <caom2:point>
              <caom2:cval1>303.7527466338834</caom2:cval1>
              <caom2:cval2>-54.34091232813225</caom2:cval2>
            </caom2:point>
          </caom2:points>
          <caom2:samples>
            <caom2:vertices>
              <caom2:vertex>
                <caom2:cval1>305.2202573338924</caom2:cval1>
                <caom2:cval2>-55.87335043524217</caom2:cval2>
                <caom2:type>2</caom2:type>
              </caom2:vertex>
              <caom2:vertex>
                <caom2:cval1>302.7302690720472</caom2:cval1>
                <caom2:cval2>-57.3995235155304</caom2:cval2>
                <caom2:type>1</caom2:type>
              </caom2:vertex>
              <caom2:vertex>
                <caom2:cval1>301.30721391750205</caom2:cval1>
                <caom2:cval2>-55.87335043524217</caom2:cval2>
                <caom2:type>1</caom2:type>
              </caom2:vertex>
              <caom2:vertex>
                <caom2:cval1>303.7527466338834</caom2:cval1>
                <caom2:cval2>-54.340912328132276</caom2:cval2>
                <caom2:type>1</caom2:type>
              </caom2:vertex>
              <caom2:vertex>
                <caom2:cval1>0.0</caom2:cval1>
                <caom2:cval2>0.0</caom2:cval2>
                <caom2:type>0</caom2:type>
              </caom2:vertex>
            </caom2:vertices>
          </caom2:samples>
        </caom2:bounds>
        <caom2:dimension>
          <caom2:naxis1>2048</caom2:naxis1>
          <caom2:naxis2>2048</caom2:naxis2>
        </caom2:dimension>
        <caom2:resolution>18.0</caom2:resolution>
        <caom2:sampleSize>3.4958281476147617</caom2:sampleSize>
      </caom2:position>
      <caom2:energy>
        <caom2:bounds>
          <caom2:lower>0.21922814462929224</caom2:lower>
          <caom2:upper>0.21922814478960642</caom2:upper>
          <caom2:samples>
            <caom2:sample>
              <caom2:lower>0.21922814462929224</caom2:lower>
              <caom2:upper>0.21922814478960642</caom2:upper>
            </caom2:sample>
          </caom2:samples>
        </caom2:bounds>
        <caom2:dimension>1</caom2:dimension>
        <caom2:sampleSize>1.6031417859885266e-10</caom2:sampleSize>
        <caom2:energyBands>
          <caom2:emBand>Radio</caom2:emBand>
        </caom2:energyBands>
      </caom2:energy>
      <caom2:time>
        <caom2:bounds>
          <caom2:lower>58745.41899768517</caom2:lower>
          <caom2:upper>58746.41899768517</caom2:upper>
          <caom2:samples>
            <caom2:sample>
              <caom2:lower>58745.41899768517</caom2:lower>
              <caom2:upper>58746.41899768517</caom2:upper>
            </caom2:sample>
          </caom2:samples>
        </caom2:bounds>
        <caom2:dimension>1</caom2:dimension>
        <caom2:sampleSize>1.0</caom2:sampleSize>
      </caom2:time>
      <caom2:polarization>
        <caom2:states>
          <caom2:state>I</caom2:state>
        </caom2:states>
        <caom2:dimension>1</caom2:dimension>
      </caom2:polarization>
      <caom2:artifacts>
        <caom2:artifact caom2:id="84ed1070-b3f0-4c85-8138-813eeb992e04">
          <caom2:uri>cadc:POSSUM/PSM_pilot1_1367MHz_18asec_2013-5553_11261_t0_i_v1.fits</caom2:uri>
          <caom2:productType>science</caom2:productType>
          <caom2:releaseType>data</caom2:releaseType>
          <caom2:contentType>application/fits</caom2:contentType>
          <caom2:contentLength>7033</caom2:contentLength>
          <caom2:contentChecksum>md5:51a547a5683534ff90276e93f0335ef5</caom2:contentChecksum>
          <caom2:parts>
            <caom2:part caom2:id="606c1408-57fe-4ec1-89db-f3e2d5e703b5">
              <caom2:name>0</caom2:name>
              <caom2:chunks>
                <caom2:chunk caom2:id="617296ea-24f9-493b-9a1b-fe0901f30dcc">
                  <caom2:naxis>4</caom2:naxis>
                  <caom2:positionAxis1>1</caom2:positionAxis1>
                  <caom2:positionAxis2>2</caom2:positionAxis2>
                  <caom2:energyAxis>3</caom2:energyAxis>
                  <caom2:polarizationAxis>4</caom2:polarizationAxis>
                  <caom2:position>
                    <caom2:axis>
                      <caom2:axis1>
                        <caom2:ctype>RA---HPX</caom2:ctype>
                        <caom2:cunit>deg</caom2:cunit>
                      </caom2:axis1>
                      <caom2:axis2>
                        <caom2:ctype>DEC--HPX</caom2:ctype>
                        <caom2:cunit>deg</caom2:cunit>
                      </caom2:axis2>
                      <caom2:function>
                        <caom2:dimension>
                          <caom2:naxis1>2048</caom2:naxis1>
                          <caom2:naxis2>2048</caom2:naxis2>
                        </caom2:dimension>
                        <caom2:refCoord>
                          <caom2:coord1>
                            <caom2:pix>-79870.00124666</caom2:pix>
                            <caom2:val>0.0</caom2:val>
                          </caom2:coord1>
                          <caom2:coord2>
                            <caom2:pix>4098.000080952</caom2:pix>
                            <caom2:val>0.0</caom2:val>
                          </caom2:coord2>
                        </caom2:refCoord>
                        <caom2:cd11>-0.00068664549695589</caom2:cd11>
                        <caom2:cd12>-0.00068664549695589</caom2:cd12>
                        <caom2:cd21>-0.00068664549695589</caom2:cd21>
                        <caom2:cd22>0.000686645496955891</caom2:cd22>
                      </caom2:function>
                    </caom2:axis>
                    <caom2:coordsys>FK5</caom2:coordsys>
                    <caom2:equinox>2000.0</caom2:equinox>
                    <caom2:resolution>18.0</caom2:resolution>
                  </caom2:position>
                  <caom2:energy>
                    <caom2:axis>
                      <caom2:axis>
                        <caom2:ctype>FREQ</caom2:ctype>
                        <caom2:cunit>Hz</caom2:cunit>
                      </caom2:axis>
                      <caom2:function>
                        <caom2:naxis>1</caom2:naxis>
                        <caom2:delta>1.0</caom2:delta>
                        <caom2:refCoord>
                          <caom2:pix>1.0</caom2:pix>
                          <caom2:val>1367490740.741</caom2:val>
                        </caom2:refCoord>
                      </caom2:function>
                    </caom2:axis>
                    <caom2:specsys>TOPOCENT</caom2:specsys>
                  </caom2:energy>
                  <caom2:time>
                    <caom2:axis>
                      <caom2:axis>
                        <caom2:ctype>TIME</caom2:ctype>
                        <caom2:cunit>d</caom2:cunit>
                      </caom2:axis>
                      <caom2:function>
                        <caom2:naxis>1</caom2:naxis>
                        <caom2:delta>1.0</caom2:delta>
                        <caom2:refCoord>
                          <caom2:pix>0.5</caom2:pix>
                          <caom2:val>58745.41899768517</caom2:val>
                        </caom2:refCoord>
                      </caom2:function>
                    </caom2:axis>
                    <caom2:timesys>UTC</caom2:timesys>
                  </caom2:time>
                  <caom2:polarization>
                    <caom2:axis>
                      <caom2:axis>
                        <caom2:ctype>STOKES</caom2:ctype>
                      </caom2:axis>
                      <caom2:function>
                        <caom2:naxis>1</caom2:naxis>
                        <caom2:delta>1.0</caom2:delta>
                        <caom2:refCoord>
                          <caom2:pix>1.0</caom2:pix>
                          <caom2:val>1.0</caom2:val>
                        </caom2:refCoord>
                      </caom2:function>
                    </caom2:axis>
                  </caom2:polarization>
                </caom2:chunk>
              </caom2:chunks>
            </caom2:part>
          </caom2:parts>
        </caom2:artifact>
      </caom2:artifacts>
    </caom2:plane>
  </caom2:planes>
</caom2:Observation>
