<?xml version='1.0' encoding='UTF-8'?>
<caom2:Observation xmlns:caom2="http://www.opencadc.org/caom2/xml/v2.4" xmlns:xsi="http://www.w3.org/2001/XMLSchema-instance" xsi:type="caom2:SimpleObservation" caom2:id="b9936eb1-022d-491a-9d80-3b0dc71da841" caom2:metaProducer="possum2caom2/0.1.0">
  <caom2:collection>POSSUM</caom2:collection>
  <caom2:observationID>944MHz_18asec_2226-5552_11268</caom2:observationID>
  <caom2:metaRelease>2025-01-01T00:00:00.000000</caom2:metaRelease>
  <caom2:algorithm>
    <caom2:name>exposure</caom2:name>
  </caom2:algorithm>
  <caom2:intent>science</caom2:intent>
  <caom2:telescope>
    <caom2:name>ASKAP</caom2:name>
    <caom2:geoLocationX>-2558266.717765</caom2:geoLocationX>
    <caom2:geoLocationY>5095672.176508</caom2:geoLocationY>
    <caom2:geoLocationZ>-2849020.838078</caom2:geoLocationZ>
  </caom2:telescope>
  <caom2:planes>
    <caom2:plane caom2:id="ebf11629-cf89-4c3f-8281-5d19dc1dd31c" caom2:metaProducer="possum2caom2/0.1.0">
      <caom2:productID>u_v1</caom2:productID>
      <caom2:metaRelease>2025-01-01T00:00:00.000</caom2:metaRelease>
      <caom2:dataRelease>2025-01-01T00:00:00.000</caom2:dataRelease>
      <caom2:dataProductType>cube</caom2:dataProductType>
      <caom2:calibrationLevel>1</caom2:calibrationLevel>
      <caom2:artifacts>
        <caom2:artifact caom2:id="6ff2afd4-ff2c-4b92-aa6b-3d240837bc10" caom2:metaProducer="possum2caom2/0.1.0">
          <caom2:uri>cadc:POSSUM/PSM_944MHz_18asec_2226-5552_11268_u_v1.fits</caom2:uri>
          <caom2:productType>science</caom2:productType>
          <caom2:releaseType>data</caom2:releaseType>
          <caom2:contentType>application/fits</caom2:contentType>
          <caom2:contentLength>10262</caom2:contentLength>
          <caom2:contentChecksum>md5:521098a74a3ad495ca55a126aab56ae2</caom2:contentChecksum>
          <caom2:parts>
            <caom2:part caom2:id="9806c5e4-6bf5-42a0-bc52-5ece94996cbc">
              <caom2:name>0</caom2:name>
              <caom2:chunks>
                <caom2:chunk caom2:id="b9d0b1ba-25e9-49c4-839e-55ee8d7323c1" caom2:metaProducer="possum2caom2/0.1.0">
                  <caom2:naxis>4</caom2:naxis>
                  <caom2:positionAxis1>1</caom2:positionAxis1>
                  <caom2:positionAxis2>2</caom2:positionAxis2>
                  <caom2:energyAxis>3</caom2:energyAxis>
                  <caom2:polarizationAxis>4</caom2:polarizationAxis>
                  <caom2:position>
                    <caom2:axis>
                      <caom2:axis1>
                        <caom2:ctype>RA---HPX</caom2:ctype>
                        <caom2:cunit>deg</caom2:cunit>
                      </caom2:axis1>
                      <caom2:axis2>
                        <caom2:ctype>DEC--HPX</caom2:ctype>
                        <caom2:cunit>deg</caom2:cunit>
                      </caom2:axis2>
                    </caom2:axis>
                    <caom2:coordsys>FK5</caom2:coordsys>
                    <caom2:equinox>2000.0</caom2:equinox>
                  </caom2:position>
                  <caom2:energy>
                    <caom2:axis>
                      <caom2:axis>
                        <caom2:ctype>FREQ</caom2:ctype>
                        <caom2:cunit>Hz</caom2:cunit>
                      </caom2:axis>
                      <caom2:function>
                        <caom2:naxis>288</caom2:naxis>
                        <caom2:delta>1000000.0</caom2:delta>
                        <caom2:refCoord>
                          <caom2:pix>1.0</caom2:pix>
                          <caom2:val>799990740.7407</caom2:val>
                        </caom2:refCoord>
                      </caom2:function>
                    </caom2:axis>
                    <caom2:specsys>TOPOCENT</caom2:specsys>
                    <caom2:restfrq>1420405751.786</caom2:restfrq>
                  </caom2:energy>
                  <caom2:time>
                    <caom2:axis>
                      <caom2:axis>
                        <caom2:ctype>FREQ</caom2:ctype>
                        <caom2:cunit>Hz</caom2:cunit>
                      </caom2:axis>
                      <caom2:function>
                        <caom2:naxis>288</caom2:naxis>
                        <caom2:delta>1000000.0</caom2:delta>
                        <caom2:refCoord>
                          <caom2:pix>1.0</caom2:pix>
                          <caom2:val>799990740.7407</caom2:val>
                        </caom2:refCoord>
                      </caom2:function>
                    </caom2:axis>
                    <caom2:timesys>UTC</caom2:timesys>
                  </caom2:time>
                  <caom2:polarization>
                    <caom2:axis>
                      <caom2:axis>
                        <caom2:ctype>STOKES</caom2:ctype>
                      </caom2:axis>
                      <caom2:function>
                        <caom2:naxis>1</caom2:naxis>
                        <caom2:delta>1.0</caom2:delta>
                        <caom2:refCoord>
                          <caom2:pix>1.0</caom2:pix>
                          <caom2:val>3.0</caom2:val>
                        </caom2:refCoord>
                      </caom2:function>
                    </caom2:axis>
                  </caom2:polarization>
                </caom2:chunk>
              </caom2:chunks>
            </caom2:part>
          </caom2:parts>
        </caom2:artifact>
      </caom2:artifacts>
    </caom2:plane>
  </caom2:planes>
</caom2:Observation>
