<?xml version='1.0' encoding='UTF-8'?>
<caom2:Observation xmlns:caom2="http://www.opencadc.org/caom2/xml/v2.4" xmlns:xsi="http://www.w3.org/2001/XMLSchema-instance" xsi:type="caom2:SimpleObservation" caom2:id="9421a9cf-588e-480e-a767-f1d633f48e25" caom2:metaProducer="test_possum/0.0.0">
  <caom2:collection>POSSUM</caom2:collection>
  <caom2:observationID>944MHz_20asec_1034-5552_11224_v1</caom2:observationID>
  <caom2:metaRelease>2025-01-01T00:00:00.000</caom2:metaRelease>
  <caom2:metaReadGroups>
    <caom2:groupURI>ivo://cadc.nrc.ca/gms?CADC</caom2:groupURI>
    <caom2:groupURI>ivo://cadc.nrc.ca/gms?POSSUM_Members</caom2:groupURI>
    <caom2:groupURI>ivo://cadc.nrc.ca/gms?POSSUM-RW</caom2:groupURI>
  </caom2:metaReadGroups>
  <caom2:algorithm>
    <caom2:name>exposure</caom2:name>
  </caom2:algorithm>
  <caom2:intent>science</caom2:intent>
  <caom2:proposal>
    <caom2:id>AS203</caom2:id>
  </caom2:proposal>
  <caom2:telescope>
    <caom2:name>ASKAP</caom2:name>
    <caom2:geoLocationX>-2558266.717765</caom2:geoLocationX>
    <caom2:geoLocationY>5095672.176508</caom2:geoLocationY>
    <caom2:geoLocationZ>-2849020.838078</caom2:geoLocationZ>
  </caom2:telescope>
  <caom2:instrument>
    <caom2:name>ASKAP</caom2:name>
  </caom2:instrument>
  <caom2:planes>
    <caom2:plane caom2:id="0e9c3e84-a387-4f7b-8634-13e587dadf50" caom2:metaProducer="test_possum/0.0.0">
      <caom2:productID>misc_p3d_v1</caom2:productID>
      <caom2:metaRelease>2025-01-01T00:00:00.000</caom2:metaRelease>
      <caom2:metaReadGroups>
        <caom2:groupURI>ivo://cadc.nrc.ca/gms?CADC</caom2:groupURI>
        <caom2:groupURI>ivo://cadc.nrc.ca/gms?POSSUM_Members</caom2:groupURI>
        <caom2:groupURI>ivo://cadc.nrc.ca/gms?POSSUM-RW</caom2:groupURI>
      </caom2:metaReadGroups>
      <caom2:dataRelease>2025-01-01T00:00:00.000</caom2:dataRelease>
      <caom2:dataReadGroups>
        <caom2:groupURI>ivo://cadc.nrc.ca/gms?CADC</caom2:groupURI>
        <caom2:groupURI>ivo://cadc.nrc.ca/gms?POSSUM_Members</caom2:groupURI>
        <caom2:groupURI>ivo://cadc.nrc.ca/gms?POSSUM-RW</caom2:groupURI>
      </caom2:dataReadGroups>
      <caom2:dataProductType>cube</caom2:dataProductType>
      <caom2:calibrationLevel>2</caom2:calibrationLevel>
      <caom2:provenance>
        <caom2:name>POSSUM</caom2:name>
        <caom2:producer>POSSUM-Polarimetry-Pipeline</caom2:producer>
        <caom2:reference>https://askap.org/possum/</caom2:reference>
        <caom2:lastExecuted>2024-03-21T09:26:12.080838</caom2:lastExecuted>
      </caom2:provenance>
      <caom2:artifacts>
        <caom2:artifact caom2:id="6be35d24-60e2-450a-92b6-40eb0b062bfe" caom2:metaProducer="test_possum/0.0.0">
          <caom2:uri>cadc:POSSUM/PSM_944MHz_20asec_1034-5552_11224_p3d_v1_FDF_tot_dirty.fits</caom2:uri>
          <caom2:productType>science</caom2:productType>
          <caom2:releaseType>data</caom2:releaseType>
          <caom2:contentType>application/fits</caom2:contentType>
          <caom2:contentLength>2691</caom2:contentLength>
          <caom2:contentChecksum>md5:235f2ecbfb546dabc2fb2ce7bd67b491</caom2:contentChecksum>
          <caom2:parts>
            <caom2:part caom2:id="0f39c88a-6344-421a-86b1-bb3e7d30791f">
              <caom2:name>0</caom2:name>
              <caom2:chunks>
                <caom2:chunk caom2:id="1787f57b-0a89-49fa-a742-f1d9ba21bd8f" caom2:metaProducer="test_possum/0.0.0">
                  <caom2:naxis>4</caom2:naxis>
                  <caom2:positionAxis1>1</caom2:positionAxis1>
                  <caom2:positionAxis2>2</caom2:positionAxis2>
                  <caom2:polarizationAxis>3</caom2:polarizationAxis>
                  <caom2:customAxis>4</caom2:customAxis>
                  <caom2:position>
                    <caom2:axis>
                      <caom2:axis1>
                        <caom2:ctype>RA---HPX</caom2:ctype>
                        <caom2:cunit>deg</caom2:cunit>
                      </caom2:axis1>
                      <caom2:axis2>
                        <caom2:ctype>DEC--HPX</caom2:ctype>
                        <caom2:cunit>deg</caom2:cunit>
                      </caom2:axis2>
                      <caom2:function>
                        <caom2:dimension>
                          <caom2:naxis1>2048</caom2:naxis1>
                          <caom2:naxis2>2048</caom2:naxis2>
                        </caom2:dimension>
                        <caom2:refCoord>
                          <caom2:coord1>
                            <caom2:pix>69634.00111713</caom2:pix>
                            <caom2:val>0.0</caom2:val>
                          </caom2:coord1>
                          <caom2:coord2>
                            <caom2:pix>153602.0024447</caom2:pix>
                            <caom2:val>0.0</caom2:val>
                          </caom2:coord2>
                        </caom2:refCoord>
                        <caom2:cd11>-0.00068664549695582</caom2:cd11>
                        <caom2:cd12>-0.00068664549695582</caom2:cd12>
                        <caom2:cd21>-0.00068664549695582</caom2:cd21>
                        <caom2:cd22>0.00068664549695582</caom2:cd22>
                      </caom2:function>
                    </caom2:axis>
                    <caom2:coordsys>FK5</caom2:coordsys>
                    <caom2:equinox>2000.0</caom2:equinox>
                    <caom2:resolution>20.0000000000016</caom2:resolution>
                  </caom2:position>
                  <caom2:polarization>
                    <caom2:axis>
                      <caom2:axis>
                        <caom2:ctype>STOKES</caom2:ctype>
                      </caom2:axis>
                      <caom2:function>
                        <caom2:naxis>1</caom2:naxis>
                        <caom2:delta>1.0</caom2:delta>
                        <caom2:refCoord>
                          <caom2:pix>1.0</caom2:pix>
                          <caom2:val>1.0</caom2:val>
                        </caom2:refCoord>
                      </caom2:function>
                    </caom2:axis>
                  </caom2:polarization>
                  <caom2:custom>
                    <caom2:axis>
                      <caom2:axis>
                        <caom2:ctype>FARADAY</caom2:ctype>
                        <caom2:cunit>rad/m**2</caom2:cunit>
                      </caom2:axis>
                      <caom2:function>
                        <caom2:naxis>335</caom2:naxis>
                        <caom2:delta>12.0</caom2:delta>
                        <caom2:refCoord>
                          <caom2:pix>168.0</caom2:pix>
                          <caom2:val>0.0</caom2:val>
                        </caom2:refCoord>
                      </caom2:function>
                    </caom2:axis>
                  </caom2:custom>
                </caom2:chunk>
              </caom2:chunks>
            </caom2:part>
          </caom2:parts>
        </caom2:artifact>
      </caom2:artifacts>
    </caom2:plane>
  </caom2:planes>
</caom2:Observation>
